mode: set
pre-commit-hooks/cmd/tofufmt/main.go:13.13,21.16 2 0
pre-commit-hooks/cmd/tofufmt/main.go:21.16,23.3 1 0
pre-commit-hooks/cmd/tofufmt/main.go:33.9,34.23 1 1
pre-commit-hooks/cmd/tofufmt/main.go:34.23,37.3 2 1
pre-commit-hooks/cmd/tofufmt/main.go:38.2,39.16 2 1
pre-commit-hooks/cmd/tofufmt/main.go:39.16,42.3 2 1
pre-commit-hooks/cmd/tofufmt/main.go:43.2,46.16 4 1
pre-commit-hooks/cmd/tofufmt/main.go:46.16,51.55 5 1
pre-commit-hooks/cmd/tofufmt/main.go:51.55,52.37 1 1
pre-commit-hooks/cmd/tofufmt/main.go:52.37,54.12 2 1
pre-commit-hooks/cmd/tofufmt/main.go:55.39,56.26 1 0
pre-commit-hooks/cmd/tofufmt/main.go:57.39,58.27 1 0
pre-commit-hooks/cmd/tofufmt/main.go:59.13,60.24 1 1
pre-commit-hooks/cmd/tofufmt/main.go:62.5,62.61 1 1
pre-commit-hooks/cmd/tofufmt/main.go:65.3,69.20 5 1
pre-commit-hooks/cmd/tofufmt/main.go:69.20,77.4 7 1
pre-commit-hooks/cmd/tofufmt/main.go:79.2,79.12 1 1
pre-commit-hooks/cmd/tofutest/main.go:12.13,21.16 2 0
pre-commit-hooks/cmd/tofutest/main.go:21.16,23.3 1 0
pre-commit-hooks/cmd/tofutest/main.go:34.9,35.23 1 1
pre-commit-hooks/cmd/tofutest/main.go:35.23,38.3 2 1
pre-commit-hooks/cmd/tofutest/main.go:40.2,41.16 2 1
pre-commit-hooks/cmd/tofutest/main.go:41.16,44.3 2 1
pre-commit-hooks/cmd/tofutest/main.go:46.2,47.16 2 1
pre-commit-hooks/cmd/tofutest/main.go:47.16,50.3 2 1
pre-commit-hooks/cmd/tofutest/main.go:52.2,52.15 1 1
pre-commit-hooks/cmd/tofutest/main.go:52.15,55.3 2 1
pre-commit-hooks/cmd/tofutest/main.go:57.2,59.16 2 1
pre-commit-hooks/cmd/tofutest/main.go:59.16,64.56 5 1
pre-commit-hooks/cmd/tofutest/main.go:64.56,65.37 1 1
pre-commit-hooks/cmd/tofutest/main.go:65.37,67.5 1 1
pre-commit-hooks/cmd/tofutest/main.go:69.3,73.44 5 1
pre-commit-hooks/cmd/tofutest/main.go:76.2,79.55 4 1
pre-commit-hooks/cmd/tofutest/main.go:79.55,80.36 1 1
pre-commit-hooks/cmd/tofutest/main.go:80.36,82.4 1 1
pre-commit-hooks/cmd/tofutest/main.go:84.2,86.12 3 1
pre-commit-hooks/cmd/tofutest/main.go:90.37,92.2 1 0
pre-commit-hooks/cmd/tofutest/main.go:99.45,109.33 3 1
pre-commit-hooks/cmd/tofutest/main.go:109.33,111.18 2 1
pre-commit-hooks/cmd/tofutest/main.go:111.18,112.9 1 1
pre-commit-hooks/cmd/tofutest/main.go:114.3,114.34 1 1
pre-commit-hooks/cmd/tofutest/main.go:114.34,119.59 2 1
pre-commit-hooks/cmd/tofutest/main.go:119.59,122.5 2 1
pre-commit-hooks/cmd/tofutest/main.go:125.2,125.18 1 1
pre-commit-hooks/internal/output/card.go:20.40,22.2 1 1
pre-commit-hooks/internal/output/card.go:25.42,27.2 1 1
pre-commit-hooks/internal/output/card.go:30.34,32.2 1 1
pre-commit-hooks/internal/output/card.go:35.24,37.2 1 1
pre-commit-hooks/internal/output/card.go:40.24,42.2 1 1
pre-commit-hooks/internal/output/card.go:44.40,46.2 1 1
pre-commit-hooks/internal/output/card.go:49.39,51.2 1 1
pre-commit-hooks/internal/output/card.go:54.32,56.2 1 1
pre-commit-hooks/internal/output/card.go:59.48,64.29 4 1
pre-commit-hooks/internal/output/card.go:64.29,65.61 1 1
pre-commit-hooks/internal/output/card.go:65.61,68.4 2 1
pre-commit-hooks/internal/output/card.go:69.3,69.24 1 1
pre-commit-hooks/internal/output/card.go:69.24,71.4 1 1
pre-commit-hooks/internal/output/card.go:72.3,72.28 1 1
pre-commit-hooks/internal/output/card.go:74.2,74.23 1 1
pre-commit-hooks/internal/output/card.go:74.23,76.3 1 1
pre-commit-hooks/internal/output/card.go:77.2,77.14 1 1
pre-commit-hooks/internal/output/output.go:28.13,29.21 1 1
pre-commit-hooks/internal/output/output.go:29.21,31.3 1 1
pre-commit-hooks/internal/output/output.go:35.26,36.43 1 1
pre-commit-hooks/internal/output/output.go:36.43,38.3 1 0
pre-commit-hooks/internal/output/output.go:39.2,40.16 2 1
pre-commit-hooks/internal/output/output.go:40.16,42.3 1 0
pre-commit-hooks/internal/output/output.go:43.2,43.45 1 1
pre-commit-hooks/internal/output/output.go:47.20,62.2 14 1
pre-commit-hooks/internal/output/output.go:64.22,79.2 14 1
pre-commit-hooks/internal/output/output.go:92.42,94.2 1 1
pre-commit-hooks/internal/output/output.go:97.55,99.2 1 1
pre-commit-hooks/internal/output/output.go:102.22,104.26 2 0
pre-commit-hooks/internal/output/output.go:104.26,106.3 1 0
pre-commit-hooks/internal/output/output.go:107.2,107.10 1 0
pre-commit-hooks/internal/output/summary.go:25.54,29.27 3 1
pre-commit-hooks/internal/output/summary.go:29.27,31.29 2 1
pre-commit-hooks/internal/output/summary.go:31.29,33.4 1 1
pre-commit-hooks/internal/output/summary.go:33.9,37.4 3 1
pre-commit-hooks/internal/output/summary.go:39.2,39.15 1 1
pre-commit-hooks/internal/output/summary.go:45.45,49.31 4 1
pre-commit-hooks/internal/output/summary.go:49.31,51.30 2 1
pre-commit-hooks/internal/output/summary.go:51.30,54.4 2 1
pre-commit-hooks/internal/output/summary.go:56.2,56.22 1 1
pre-commit-hooks/internal/output/summary.go:56.22,59.3 1 1
pre-commit-hooks/internal/output/summary.go:60.2,60.35 1 1
pre-commit-hooks/internal/output/summary.go:65.52,69.51 4 1
pre-commit-hooks/internal/output/summary.go:69.51,71.23 2 1
pre-commit-hooks/internal/output/summary.go:71.23,74.12 3 1
pre-commit-hooks/internal/output/summary.go:76.3,76.23 1 1
pre-commit-hooks/internal/output/summary.go:76.23,77.15 1 1
pre-commit-hooks/internal/output/summary.go:77.15,79.5 1 1
pre-commit-hooks/internal/output/summary.go:80.4,81.12 2 1
pre-commit-hooks/internal/output/summary.go:83.3,83.14 1 1
pre-commit-hooks/internal/output/summary.go:83.14,85.4 1 1
pre-commit-hooks/internal/output/summary.go:87.2,87.15 1 1
pre-commit-hooks/internal/output/summary.go:93.42,95.50 2 1
pre-commit-hooks/internal/output/summary.go:95.50,99.20 4 1
pre-commit-hooks/internal/output/summary.go:99.20,100.12 1 1
pre-commit-hooks/internal/output/summary.go:103.3,103.40 1 1
pre-commit-hooks/internal/output/summary.go:103.40,104.12 1 1
pre-commit-hooks/internal/output/summary.go:107.3,107.65 1 1
pre-commit-hooks/internal/output/summary.go:107.65,108.12 1 1
pre-commit-hooks/internal/output/summary.go:110.3,110.33 1 1
pre-commit-hooks/internal/output/summary.go:112.2,112.34 1 1
pre-commit-hooks/internal/output/summary.go:117.57,118.31 1 1
pre-commit-hooks/internal/output/summary.go:118.31,120.3 1 0
pre-commit-hooks/internal/output/summary.go:122.2,123.27 2 1
pre-commit-hooks/internal/output/summary.go:123.27,126.29 3 1
pre-commit-hooks/internal/output/summary.go:126.29,128.4 1 1
pre-commit-hooks/internal/output/summary.go:129.3,133.30 4 1
pre-commit-hooks/internal/output/summary.go:133.30,135.45 2 1
pre-commit-hooks/internal/output/summary.go:135.45,137.5 1 1
pre-commit-hooks/internal/output/summary.go:138.4,138.34 1 1
pre-commit-hooks/internal/output/summary.go:138.34,140.5 1 1
pre-commit-hooks/internal/output/summary.go:142.3,143.24 2 1
pre-commit-hooks/internal/output/summary.go:143.24,145.4 1 1
pre-commit-hooks/internal/output/summary.go:151.53,152.29 1 1
pre-commit-hooks/internal/output/summary.go:152.29,154.3 1 0
pre-commit-hooks/internal/output/summary.go:156.2,157.27 2 1
pre-commit-hooks/internal/output/summary.go:157.27,160.29 3 1
pre-commit-hooks/internal/output/summary.go:160.29,162.4 1 1
pre-commit-hooks/internal/output/summary.go:163.3,166.30 3 1
pre-commit-hooks/internal/output/summary.go:166.30,167.37 1 1
pre-commit-hooks/internal/output/summary.go:167.37,169.5 1 1
pre-commit-hooks/internal/output/summary.go:171.3,172.24 2 1
pre-commit-hooks/internal/output/summary.go:172.24,174.4 1 0
pre-commit-hooks/internal/testutil/testutil.go:10.36,13.2 2 1
pre-commit-hooks/internal/testutil/testutil.go:16.43,17.31 1 1
pre-commit-hooks/internal/testutil/testutil.go:17.31,19.3 1 0
pre-commit-hooks/internal/testutil/testutil.go:23.66,25.16 2 1
pre-commit-hooks/internal/testutil/testutil.go:25.16,27.3 1 0
pre-commit-hooks/internal/testutil/testutil.go:28.2,28.20 1 1
pre-commit-hooks/internal/testutil/testutil.go:28.20,28.41 1 1
pre-commit-hooks/internal/testutil/testutil.go:29.2,29.21 1 1
pre-commit-hooks/internal/testutil/testutil.go:33.60,35.16 2 1
pre-commit-hooks/internal/testutil/testutil.go:35.16,37.3 1 0
pre-commit-hooks/internal/testutil/testutil.go:38.2,38.41 1 1
pre-commit-hooks/internal/testutil/testutil.go:38.41,40.3 1 0
pre-commit-hooks/internal/testutil/testutil.go:41.2,41.16 1 1
pre-commit-hooks/internal/testutil/testutil.go:41.16,42.43 1 1
pre-commit-hooks/internal/testutil/testutil.go:42.43,44.4 1 0
pre-commit-hooks/internal/testutil/testutil.go:49.58,54.2 3 1
pre-commit-hooks/cmd/tofuscan/main.go:23.13,29.27 4 0
pre-commit-hooks/cmd/tofuscan/main.go:29.27,30.14 1 0
pre-commit-hooks/cmd/tofuscan/main.go:31.22,32.19 1 0
pre-commit-hooks/cmd/tofuscan/main.go:33.11,34.39 1 0
pre-commit-hooks/cmd/tofuscan/main.go:34.39,37.5 2 0
pre-commit-hooks/cmd/tofuscan/main.go:38.4,38.30 1 0
pre-commit-hooks/cmd/tofuscan/main.go:42.2,42.21 1 0
pre-commit-hooks/cmd/tofuscan/main.go:42.21,44.3 1 0
pre-commit-hooks/cmd/tofuscan/main.go:46.2,50.51 1 0
pre-commit-hooks/cmd/tofuscan/main.go:50.51,52.4 1 0
pre-commit-hooks/cmd/tofuscan/main.go:57.2,57.16 1 0
pre-commit-hooks/cmd/tofuscan/main.go:57.16,59.3 1 0
pre-commit-hooks/cmd/tofuscan/main.go:71.9,73.16 2 1
pre-commit-hooks/cmd/tofuscan/main.go:73.16,77.3 3 1
pre-commit-hooks/cmd/tofuscan/main.go:79.2,79.21 1 1
pre-commit-hooks/cmd/tofuscan/main.go:79.21,83.3 3 1
pre-commit-hooks/cmd/tofuscan/main.go:85.2,86.16 2 1
pre-commit-hooks/cmd/tofuscan/main.go:86.16,90.3 3 1
pre-commit-hooks/cmd/tofuscan/main.go:92.2,97.38 4 1
pre-commit-hooks/cmd/tofuscan/main.go:97.38,99.3 1 1
pre-commit-hooks/cmd/tofuscan/main.go:100.2,100.12 1 1
pre-commit-hooks/internal/tofuscan/walker/walker.go:12.54,15.24 3 1
pre-commit-hooks/internal/tofuscan/walker/walker.go:15.24,16.27 1 1
pre-commit-hooks/internal/tofuscan/walker/walker.go:16.27,18.4 1 0
pre-commit-hooks/internal/tofuscan/walker/walker.go:19.3,20.27 2 1
pre-commit-hooks/internal/tofuscan/walker/walker.go:22.2,22.29 1 1
pre-commit-hooks/internal/tofuscan/walker/walker.go:22.29,24.17 2 1
pre-commit-hooks/internal/tofuscan/walker/walker.go:24.17,26.4 1 1
pre-commit-hooks/internal/tofuscan/walker/walker.go:27.3,27.20 1 1
pre-commit-hooks/internal/tofuscan/walker/walker.go:27.20,28.37 1 1
pre-commit-hooks/internal/tofuscan/walker/walker.go:28.37,30.5 1 1
pre-commit-hooks/internal/tofuscan/walker/walker.go:31.4,31.12 1 1
pre-commit-hooks/internal/tofuscan/walker/walker.go:33.3,33.82 1 1
pre-commit-hooks/internal/tofuscan/walker/walker.go:33.82,34.18 1 1
pre-commit-hooks/internal/tofuscan/walker/walker.go:34.18,36.5 1 0
pre-commit-hooks/internal/tofuscan/walker/walker.go:37.4,37.72 1 1
pre-commit-hooks/internal/tofuscan/walker/walker.go:37.72,39.5 1 1
pre-commit-hooks/internal/tofuscan/walker/walker.go:40.4,40.51 1 1
pre-commit-hooks/internal/tofuscan/walker/walker.go:40.51,42.5 1 1
pre-commit-hooks/internal/tofuscan/walker/walker.go:43.4,43.14 1 1
pre-commit-hooks/internal/tofuscan/walker/walker.go:45.3,45.17 1 1
pre-commit-hooks/internal/tofuscan/walker/walker.go:45.17,47.4 1 0
pre-commit-hooks/internal/tofuscan/walker/walker.go:49.2,49.19 1 1
pre-commit-hooks/internal/tofuscan/output/output.go:45.106,50.36 3 1
pre-commit-hooks/internal/tofuscan/output/output.go:50.36,51.14 1 1
pre-commit-hooks/internal/tofuscan/output/output.go:51.14,53.4 1 1
pre-commit-hooks/internal/tofuscan/output/output.go:54.3,55.17 2 1
pre-commit-hooks/internal/tofuscan/output/output.go:59.2,60.27 2 1
pre-commit-hooks/internal/tofuscan/output/output.go:60.27,61.14 1 0
pre-commit-hooks/internal/tofuscan/output/output.go:61.14,63.4 1 0
pre-commit-hooks/internal/tofuscan/output/output.go:64.3,65.17 2 0
pre-commit-hooks/internal/tofuscan/output/output.go:69.2,69.22 1 1
pre-commit-hooks/internal/tofuscan/output/output.go:69.22,70.14 1 0
pre-commit-hooks/internal/tofuscan/output/output.go:70.14,72.4 1 0
pre-commit-hooks/internal/tofuscan/output/output.go:73.3,73.29 1 0
pre-commit-hooks/internal/tofuscan/output/output.go:73.29,75.4 1 0
pre-commit-hooks/internal/tofuscan/output/output.go:76.3,76.17 1 0
pre-commit-hooks/internal/tofuscan/output/output.go:80.2,80.13 1 1
pre-commit-hooks/internal/tofuscan/output/output.go:80.13,82.3 1 1
pre-commit-hooks/internal/tofuscan/output/output.go:83.2,83.50 1 1
pre-commit-hooks/internal/tofuscan/output/output.go:86.48,88.41 2 0
pre-commit-hooks/internal/tofuscan/output/output.go:88.41,90.3 1 0
pre-commit-hooks/internal/tofuscan/output/output.go:91.2,94.3 1 0
pre-commit-hooks/internal/tofuscan/output/output.go:97.94,100.31 3 1
pre-commit-hooks/internal/tofuscan/output/output.go:100.31,101.21 1 1
pre-commit-hooks/internal/tofuscan/output/output.go:102.15,103.15 1 1
pre-commit-hooks/internal/tofuscan/output/output.go:104.17,105.17 1 1
pre-commit-hooks/internal/tofuscan/output/output.go:107.3,107.19 1 1
pre-commit-hooks/internal/tofuscan/output/output.go:107.19,109.4 1 1
pre-commit-hooks/internal/tofuscan/output/output.go:112.2,117.21 5 1
pre-commit-hooks/internal/tofuscan/output/output.go:117.21,119.3 1 1
pre-commit-hooks/internal/tofuscan/output/output.go:122.2,123.35 2 1
pre-commit-hooks/internal/tofuscan/output/output.go:123.35,125.21 2 1
pre-commit-hooks/internal/tofuscan/output/output.go:125.21,127.4 1 1
pre-commit-hooks/internal/tofuscan/output/output.go:128.3,128.20 1 1
pre-commit-hooks/internal/tofuscan/output/output.go:129.8,129.23 1 1
pre-commit-hooks/internal/tofuscan/output/output.go:129.23,132.3 2 1
pre-commit-hooks/internal/tofuscan/output/output.go:135.2,135.19 1 1
pre-commit-hooks/internal/tofuscan/output/output.go:135.19,137.3 1 1
pre-commit-hooks/internal/tofuscan/output/output.go:138.2,138.21 1 1
pre-commit-hooks/internal/tofuscan/output/output.go:138.21,140.3 1 1
pre-commit-hooks/internal/tofuscan/output/output.go:141.2,141.22 1 1
pre-commit-hooks/internal/tofuscan/output/output.go:141.22,143.3 1 1
pre-commit-hooks/internal/tofuscan/output/output.go:146.45,147.16 1 1
pre-commit-hooks/internal/tofuscan/output/output.go:147.16,149.3 1 1
pre-commit-hooks/internal/tofuscan/output/output.go:150.2,151.9 2 1
pre-commit-hooks/internal/tofuscan/output/output.go:152.17,153.19 1 1
pre-commit-hooks/internal/tofuscan/output/output.go:154.17,155.24 1 0
pre-commit-hooks/internal/tofuscan/output/output.go:156.10,157.22 1 0
pre-commit-hooks/internal/tofuscan/output/output.go:161.41,169.9 6 0
pre-commit-hooks/internal/tofuscan/output/output.go:170.18,174.75 4 0
pre-commit-hooks/internal/tofuscan/output/output.go:175.20,176.84 1 0
pre-commit-hooks/internal/tofuscan/output/output.go:177.10,181.112 4 0
pre-commit-hooks/internal/tofuscan/output/output.go:184.2,191.25 6 0
pre-commit-hooks/internal/tofuscan/output/output.go:191.25,193.70 2 0
pre-commit-hooks/internal/tofuscan/output/output.go:193.70,195.4 1 0
pre-commit-hooks/internal/tofuscan/output/output.go:198.2,198.11 1 0
pre-commit-hooks/internal/tofuscan/output/output.go:201.43,209.28 6 1
pre-commit-hooks/internal/tofuscan/output/output.go:209.28,211.73 2 1
pre-commit-hooks/internal/tofuscan/output/output.go:211.73,213.4 1 1
pre-commit-hooks/internal/tofuscan/output/output.go:216.2,216.11 1 1
pre-commit-hooks/internal/tofuscan/output/output.go:219.86,221.39 2 1
pre-commit-hooks/internal/tofuscan/output/output.go:221.39,223.3 1 1
pre-commit-hooks/internal/tofuscan/output/output.go:224.2,226.24 3 1
pre-commit-hooks/internal/tofuscan/output/output.go:226.24,228.3 1 1
pre-commit-hooks/internal/tofuscan/output/output.go:229.2,233.4 1 1
pre-commit-hooks/internal/tofuscan/output/output.go:237.52,238.39 1 1
pre-commit-hooks/internal/tofuscan/output/output.go:238.39,240.3 1 1
pre-commit-hooks/internal/tofuscan/output/output.go:241.2,241.32 1 0
pre-commit-hooks/internal/tofuscan/output/output.go:245.44,246.23 1 0
pre-commit-hooks/internal/tofuscan/output/output.go:246.23,248.3 1 0
pre-commit-hooks/internal/tofuscan/output/output.go:249.2,249.20 1 0
pre-commit-hooks/internal/tofuscan/output/output.go:250.11,251.42 1 0
pre-commit-hooks/internal/tofuscan/output/output.go:252.11,253.34 1 0
pre-commit-hooks/internal/tofuscan/output/output.go:254.11,255.22 1 0
pre-commit-hooks/internal/tofuscan/output/output.go:256.11,257.28 1 0
pre-commit-hooks/internal/tofuscan/output/output.go:258.11,259.19 1 0
pre-commit-hooks/internal/tofuscan/output/output.go:260.11,261.21 1 0
pre-commit-hooks/internal/tofuscan/output/output.go:262.11,263.20 1 0
pre-commit-hooks/internal/tofuscan/output/output.go:264.11,265.20 1 0
pre-commit-hooks/internal/tofuscan/output/output.go:266.10,267.17 1 0
pre-commit-hooks/internal/tofuscan/output/output.go:272.44,274.20 2 1
pre-commit-hooks/internal/tofuscan/output/output.go:274.20,276.3 1 0
pre-commit-hooks/internal/tofuscan/output/output.go:277.2,277.18 1 1
pre-commit-hooks/internal/tofuscan/output/output.go:278.11,279.39 1 0
pre-commit-hooks/internal/tofuscan/output/output.go:280.11,281.42 1 1
pre-commit-hooks/internal/tofuscan/output/output.go:282.11,283.21 1 1
pre-commit-hooks/internal/tofuscan/output/output.go:284.11,285.25 1 1
pre-commit-hooks/internal/tofuscan/output/output.go:286.11,287.30 1 1
pre-commit-hooks/internal/tofuscan/output/output.go:288.11,289.30 1 1
pre-commit-hooks/internal/tofuscan/output/output.go:290.11,291.19 1 1
pre-commit-hooks/internal/tofuscan/output/output.go:292.11,293.44 1 1
pre-commit-hooks/internal/tofuscan/output/output.go:294.11,295.19 1 0
pre-commit-hooks/internal/tofuscan/output/output.go:296.12,297.40 1 1
pre-commit-hooks/internal/tofuscan/output/output.go:298.10,299.17 1 0
pre-commit-hooks/internal/tofuscan/output/output.go:303.44,304.18 1 0
pre-commit-hooks/internal/tofuscan/output/output.go:305.14,306.20 1 0
pre-commit-hooks/internal/tofuscan/output/output.go:307.16,308.23 1 0
pre-commit-hooks/internal/tofuscan/output/output.go:309.10,310.21 1 0
pre-commit-hooks/internal/tofuscan/output/output.go:314.48,315.18 1 1
pre-commit-hooks/internal/tofuscan/output/output.go:316.14,317.24 1 1
pre-commit-hooks/internal/tofuscan/output/output.go:318.16,319.27 1 1
pre-commit-hooks/internal/tofuscan/output/output.go:320.10,321.25 1 0
pre-commit-hooks/internal/tofuscan/output/output.go:325.41,326.18 1 1
pre-commit-hooks/internal/tofuscan/output/output.go:327.13,328.11 1 0
pre-commit-hooks/internal/tofuscan/output/output.go:329.16,330.11 1 1
pre-commit-hooks/internal/tofuscan/output/output.go:331.14,332.11 1 1
pre-commit-hooks/internal/tofuscan/output/output.go:333.10,334.12 1 0
pre-commit-hooks/internal/tofuscan/output/output.go:338.42,339.15 1 1
pre-commit-hooks/internal/tofuscan/output/output.go:340.17,341.11 1 1
pre-commit-hooks/internal/tofuscan/output/output.go:342.17,343.11 1 1
pre-commit-hooks/internal/tofuscan/output/output.go:344.10,345.11 1 0
pre-commit-hooks/internal/tofuscan/output/output.go:349.71,352.47 3 1
pre-commit-hooks/internal/tofuscan/output/output.go:352.47,354.15 2 0
pre-commit-hooks/internal/tofuscan/output/output.go:354.15,356.4 1 0
pre-commit-hooks/internal/tofuscan/output/output.go:357.3,357.95 1 0
pre-commit-hooks/internal/tofuscan/output/output.go:359.2,359.15 1 1
pre-commit-hooks/internal/tofuscan/output/output.go:365.51,366.40 1 1
pre-commit-hooks/internal/tofuscan/output/output.go:366.40,368.3 1 1
pre-commit-hooks/internal/tofuscan/output/output.go:369.2,371.20 3 1
pre-commit-hooks/internal/tofuscan/output/output.go:371.20,373.3 1 1
pre-commit-hooks/internal/tofuscan/output/output.go:374.2,374.27 1 1
pre-commit-hooks/internal/tofuscan/output/output.go:374.27,376.3 1 1
pre-commit-hooks/internal/tofuscan/output/output.go:377.2,378.38 2 1
pre-commit-hooks/internal/tofuscan/output/output.go:383.117,384.29 1 1
pre-commit-hooks/internal/tofuscan/output/output.go:384.29,386.3 1 1
pre-commit-hooks/internal/tofuscan/output/output.go:388.2,389.31 2 1
pre-commit-hooks/internal/tofuscan/output/output.go:389.31,391.3 1 0
pre-commit-hooks/internal/tofuscan/output/output.go:393.2,394.31 2 1
pre-commit-hooks/internal/tofuscan/output/output.go:394.31,395.21 1 0
pre-commit-hooks/internal/tofuscan/output/output.go:395.21,397.4 1 0
pre-commit-hooks/internal/tofuscan/output/output.go:399.2,399.28 1 1
pre-commit-hooks/internal/tofuscan/output/output.go:399.28,400.21 1 0
pre-commit-hooks/internal/tofuscan/output/output.go:400.21,402.4 1 0
pre-commit-hooks/internal/tofuscan/output/output.go:405.2,406.49 2 1
pre-commit-hooks/internal/tofuscan/output/output.go:406.49,407.57 1 1
pre-commit-hooks/internal/tofuscan/output/output.go:407.57,408.12 1 0
pre-commit-hooks/internal/tofuscan/output/output.go:410.3,410.29 1 1
pre-commit-hooks/internal/tofuscan/output/output.go:410.29,411.48 1 1
pre-commit-hooks/internal/tofuscan/output/output.go:411.48,412.48 1 1
pre-commit-hooks/internal/tofuscan/output/output.go:412.48,414.6 1 1
pre-commit-hooks/internal/tofuscan/output/output.go:415.5,415.10 1 1
pre-commit-hooks/internal/tofuscan/output/output.go:420.2,420.42 1 1
pre-commit-hooks/internal/tofuscan/output/output.go:420.42,422.15 2 1
pre-commit-hooks/internal/tofuscan/output/output.go:422.15,424.4 1 1
pre-commit-hooks/internal/tofuscan/output/output.go:425.3,426.15 2 1
pre-commit-hooks/internal/tofuscan/output/output.go:426.15,428.4 1 1
pre-commit-hooks/internal/tofuscan/output/output.go:429.3,429.47 1 1
pre-commit-hooks/internal/tofuscan/output/output.go:431.2,431.16 1 1
pre-commit-hooks/internal/tofuscan/output/output.go:434.117,435.29 1 1
pre-commit-hooks/internal/tofuscan/output/output.go:435.29,437.3 1 1
pre-commit-hooks/internal/tofuscan/output/output.go:439.2,440.31 2 1
pre-commit-hooks/internal/tofuscan/output/output.go:440.31,442.3 1 0
pre-commit-hooks/internal/tofuscan/output/output.go:445.2,446.49 2 1
pre-commit-hooks/internal/tofuscan/output/output.go:446.49,447.29 1 1
pre-commit-hooks/internal/tofuscan/output/output.go:447.29,448.48 1 1
pre-commit-hooks/internal/tofuscan/output/output.go:448.48,450.10 2 1
pre-commit-hooks/internal/tofuscan/output/output.go:455.2,455.29 1 1
pre-commit-hooks/internal/tofuscan/output/output.go:455.29,457.3 1 0
pre-commit-hooks/internal/tofuscan/output/output.go:459.2,460.31 2 1
pre-commit-hooks/internal/tofuscan/output/output.go:460.31,461.21 1 1
pre-commit-hooks/internal/tofuscan/output/output.go:461.21,463.4 1 1
pre-commit-hooks/internal/tofuscan/output/output.go:465.2,465.28 1 1
pre-commit-hooks/internal/tofuscan/output/output.go:465.28,466.21 1 1
pre-commit-hooks/internal/tofuscan/output/output.go:466.21,468.4 1 1
pre-commit-hooks/internal/tofuscan/output/output.go:471.2,472.16 2 1
pre-commit-hooks/internal/tofuscan/output/output.go:472.16,474.3 1 0
pre-commit-hooks/internal/tofuscan/output/output.go:475.2,475.21 1 1
pre-commit-hooks/internal/tofuscan/output/output.go:480.58,483.2 2 1
pre-commit-hooks/internal/tofuscan/output/output.go:485.25,486.29 1 1
pre-commit-hooks/internal/tofuscan/output/output.go:486.29,490.86 3 1
pre-commit-hooks/internal/tofuscan/output/output.go:490.86,491.31 1 1
pre-commit-hooks/internal/tofuscan/output/output.go:491.31,493.5 1 1
pre-commit-hooks/internal/tofuscan/output/output.go:494.4,494.82 1 1
pre-commit-hooks/internal/tofuscan/output/output.go:494.82,496.5 1 0
pre-commit-hooks/internal/tofuscan/output/output.go:498.4,499.22 2 1
pre-commit-hooks/internal/tofuscan/output/output.go:499.22,501.5 1 0
pre-commit-hooks/internal/tofuscan/output/output.go:503.4,506.72 3 1
pre-commit-hooks/internal/tofuscan/output/output.go:506.72,507.41 1 1
pre-commit-hooks/internal/tofuscan/output/output.go:507.41,509.6 1 1
pre-commit-hooks/internal/tofuscan/output/output.go:512.4,513.74 2 1
pre-commit-hooks/internal/tofuscan/output/output.go:513.74,514.41 1 1
pre-commit-hooks/internal/tofuscan/output/output.go:514.41,516.6 1 1
pre-commit-hooks/internal/tofuscan/output/output.go:519.4,519.32 1 1
pre-commit-hooks/internal/tofuscan/output/output.go:519.32,520.54 1 1
pre-commit-hooks/internal/tofuscan/output/output.go:520.54,522.6 1 1
pre-commit-hooks/internal/tofuscan/output/output.go:523.5,523.30 1 1
pre-commit-hooks/internal/tofuscan/output/output.go:523.30,525.6 1 1
pre-commit-hooks/internal/tofuscan/output/output.go:527.5,527.54 1 1
pre-commit-hooks/internal/tofuscan/output/output.go:527.54,536.6 1 1
pre-commit-hooks/internal/tofuscan/output/output.go:538.4,538.14 1 1
pre-commit-hooks/internal/tofuscan/output/output.go:543.56,545.16 2 1
pre-commit-hooks/internal/tofuscan/output/output.go:545.16,547.3 1 1
pre-commit-hooks/internal/tofuscan/output/output.go:548.2,548.11 1 1
pre-commit-hooks/internal/tofuscan/output/output.go:554.39,555.50 1 1
pre-commit-hooks/internal/tofuscan/output/output.go:555.50,557.3 1 1
pre-commit-hooks/internal/tofuscan/output/output.go:558.2,558.48 1 1
pre-commit-hooks/internal/tofuscan/output/output.go:562.64,564.16 2 1
pre-commit-hooks/internal/tofuscan/output/output.go:564.16,566.3 1 0
pre-commit-hooks/internal/tofuscan/output/output.go:567.2,569.26 3 1
pre-commit-hooks/internal/tofuscan/output/output.go:569.26,570.17 1 1
pre-commit-hooks/internal/tofuscan/output/output.go:570.17,572.4 1 1
pre-commit-hooks/internal/tofuscan/output/output.go:574.2,574.20 1 1
pre-commit-hooks/internal/tofutest/tofutest.go:17.49,19.85 2 1
pre-commit-hooks/internal/tofutest/tofutest.go:19.85,20.17 1 1
pre-commit-hooks/internal/tofutest/tofutest.go:20.17,22.4 1 0
pre-commit-hooks/internal/tofutest/tofutest.go:25.3,25.19 1 1
pre-commit-hooks/internal/tofutest/tofutest.go:25.19,27.60 2 1
pre-commit-hooks/internal/tofutest/tofutest.go:27.60,29.5 1 1
pre-commit-hooks/internal/tofutest/tofutest.go:30.4,30.14 1 1
pre-commit-hooks/internal/tofutest/tofutest.go:34.3,34.52 1 1
pre-commit-hooks/internal/tofutest/tofutest.go:34.52,37.4 2 1
pre-commit-hooks/internal/tofutest/tofutest.go:39.3,39.13 1 1
pre-commit-hooks/internal/tofutest/tofutest.go:42.2,42.19 1 1
pre-commit-hooks/internal/tofutest/tofutest.go:47.66,53.2 5 1
pre-commit-hooks/internal/tofufmt/tofufmt.go:14.65,20.2 5 1
pre-commit-hooks/internal/tofufmt/tofufmt.go:23.56,28.2 4 1
pre-commit-hooks/internal/tofuscan/engine/engine.go:48.85,50.16 2 1
pre-commit-hooks/internal/tofuscan/engine/engine.go:50.16,52.3 1 0
pre-commit-hooks/internal/tofuscan/engine/engine.go:57.2,60.36 3 1
pre-commit-hooks/internal/tofuscan/engine/engine.go:60.36,62.3 1 1
pre-commit-hooks/internal/tofuscan/engine/engine.go:64.2,65.16 2 1
pre-commit-hooks/internal/tofuscan/engine/engine.go:65.16,67.3 1 0
pre-commit-hooks/internal/tofuscan/engine/engine.go:69.2,73.16 2 1
pre-commit-hooks/internal/tofuscan/engine/engine.go:73.16,75.3 1 0
pre-commit-hooks/internal/tofuscan/engine/engine.go:77.2,80.46 2 1
pre-commit-hooks/internal/tofuscan/engine/engine.go:80.46,82.17 2 1
pre-commit-hooks/internal/tofuscan/engine/engine.go:82.17,84.4 1 0
pre-commit-hooks/internal/tofuscan/engine/engine.go:85.3,85.36 1 1
pre-commit-hooks/internal/tofuscan/engine/engine.go:85.36,86.30 1 1
pre-commit-hooks/internal/tofuscan/engine/engine.go:86.30,88.5 1 1
pre-commit-hooks/internal/tofuscan/engine/engine.go:95.2,97.16 3 1
pre-commit-hooks/internal/tofuscan/engine/engine.go:97.16,99.3 1 0
pre-commit-hooks/internal/tofuscan/engine/engine.go:100.2,100.37 1 1
pre-commit-hooks/internal/tofuscan/engine/engine.go:100.37,101.29 1 1
pre-commit-hooks/internal/tofuscan/engine/engine.go:101.29,103.4 1 1
pre-commit-hooks/internal/tofuscan/engine/engine.go:106.2,109.8 1 1
pre-commit-hooks/internal/tofuscan/engine/engine.go:114.79,116.33 2 1
pre-commit-hooks/internal/tofuscan/engine/engine.go:116.33,118.10 2 1
pre-commit-hooks/internal/tofuscan/engine/engine.go:118.10,119.12 1 0
pre-commit-hooks/internal/tofuscan/engine/engine.go:121.3,122.10 2 1
pre-commit-hooks/internal/tofuscan/engine/engine.go:122.10,123.12 1 1
pre-commit-hooks/internal/tofuscan/engine/engine.go:125.3,125.39 1 1
pre-commit-hooks/internal/tofuscan/engine/engine.go:125.39,127.4 1 1
pre-commit-hooks/internal/tofuscan/engine/engine.go:129.2,129.14 1 1
pre-commit-hooks/internal/tofuscan/engine/engine.go:133.60,136.87 2 1
pre-commit-hooks/internal/tofuscan/engine/engine.go:136.87,137.17 1 1
pre-commit-hooks/internal/tofuscan/engine/engine.go:137.17,139.4 1 0
pre-commit-hooks/internal/tofuscan/engine/engine.go:140.3,140.16 1 1
pre-commit-hooks/internal/tofuscan/engine/engine.go:140.16,142.4 1 1
pre-commit-hooks/internal/tofuscan/engine/engine.go:143.3,143.81 1 1
pre-commit-hooks/internal/tofuscan/engine/engine.go:143.81,145.4 1 0
pre-commit-hooks/internal/tofuscan/engine/engine.go:146.3,147.17 2 1
pre-commit-hooks/internal/tofuscan/engine/engine.go:147.17,149.4 1 0
pre-commit-hooks/internal/tofuscan/engine/engine.go:150.3,151.13 2 1
pre-commit-hooks/internal/tofuscan/engine/engine.go:153.2,153.16 1 1
pre-commit-hooks/internal/tofuscan/engine/engine.go:153.16,155.3 1 0
pre-commit-hooks/internal/tofuscan/engine/engine.go:157.2,158.16 2 1
pre-commit-hooks/internal/tofuscan/engine/engine.go:158.16,160.3 1 0
pre-commit-hooks/internal/tofuscan/engine/engine.go:161.2,161.22 1 1
pre-commit-hooks/internal/tofuscan/engine/engine.go:165.122,167.16 2 1
pre-commit-hooks/internal/tofuscan/engine/engine.go:167.16,169.3 1 0
pre-commit-hooks/internal/tofuscan/engine/engine.go:171.2,173.28 3 1
pre-commit-hooks/internal/tofuscan/engine/engine.go:173.28,174.43 1 1
pre-commit-hooks/internal/tofuscan/engine/engine.go:174.43,176.11 2 1
pre-commit-hooks/internal/tofuscan/engine/engine.go:176.11,177.13 1 0
pre-commit-hooks/internal/tofuscan/engine/engine.go:179.4,179.31 1 1
pre-commit-hooks/internal/tofuscan/engine/engine.go:179.31,181.12 2 1
pre-commit-hooks/internal/tofuscan/engine/engine.go:181.12,182.14 1 0
pre-commit-hooks/internal/tofuscan/engine/engine.go:184.5,195.7 2 1
pre-commit-hooks/internal/tofuscan/engine/engine.go:199.2,199.24 1 1
pre-commit-hooks/internal/tofuscan/engine/engine.go:206.52,209.16 3 1
pre-commit-hooks/internal/tofuscan/engine/engine.go:209.16,211.3 1 1
pre-commit-hooks/internal/tofuscan/engine/engine.go:212.2,216.21 4 1
pre-commit-hooks/internal/tofuscan/engine/engine.go:216.21,219.44 3 1
pre-commit-hooks/internal/tofuscan/engine/engine.go:219.44,220.12 1 1
pre-commit-hooks/internal/tofuscan/engine/engine.go:222.3,223.22 2 1
pre-commit-hooks/internal/tofuscan/engine/engine.go:223.22,225.41 2 1
pre-commit-hooks/internal/tofuscan/engine/engine.go:225.41,227.5 1 1
pre-commit-hooks/internal/tofuscan/engine/engine.go:231.2,231.14 1 1
pre-commit-hooks/internal/tofuscan/engine/engine.go:237.63,239.33 2 1
pre-commit-hooks/internal/tofuscan/engine/engine.go:239.33,241.10 2 1
pre-commit-hooks/internal/tofuscan/engine/engine.go:241.10,242.12 1 0
pre-commit-hooks/internal/tofuscan/engine/engine.go:244.3,244.31 1 1
pre-commit-hooks/internal/tofuscan/engine/engine.go:246.2,246.15 1 1
pre-commit-hooks/internal/tofuscan/engine/engine.go:249.49,250.31 1 1
pre-commit-hooks/internal/tofuscan/engine/engine.go:250.31,252.14 2 1
pre-commit-hooks/internal/tofuscan/engine/engine.go:252.14,254.12 2 1
pre-commit-hooks/internal/tofuscan/engine/engine.go:256.3,258.21 3 1
pre-commit-hooks/internal/tofuscan/engine/engine.go:258.21,260.4 1 1
pre-commit-hooks/internal/tofuscan/engine/engine.go:260.9,262.4 1 1
pre-commit-hooks/internal/tofuscan/engine/engine.go:266.61,267.25 1 1
pre-commit-hooks/internal/tofuscan/engine/engine.go:267.25,268.30 1 1
pre-commit-hooks/internal/tofuscan/engine/engine.go:268.30,270.4 1 1
pre-commit-hooks/internal/tofuscan/engine/engine.go:272.2,272.11 1 0
pre-commit-hooks/internal/tofuscan/engine/engine.go:275.103,276.16 1 1
pre-commit-hooks/internal/tofuscan/engine/engine.go:276.16,278.3 1 0
pre-commit-hooks/internal/tofuscan/engine/engine.go:280.2,282.9 3 1
pre-commit-hooks/internal/tofuscan/engine/engine.go:282.9,284.3 1 0
pre-commit-hooks/internal/tofuscan/engine/engine.go:286.2,286.43 1 1
pre-commit-hooks/internal/tofuscan/engine/engine.go:293.67,295.29 2 1
pre-commit-hooks/internal/tofuscan/engine/engine.go:295.29,298.3 2 1
pre-commit-hooks/internal/tofuscan/engine/engine.go:300.2,301.35 2 1
pre-commit-hooks/internal/tofuscan/engine/engine.go:301.35,303.17 2 1
pre-commit-hooks/internal/tofuscan/engine/engine.go:303.17,304.12 1 0
pre-commit-hooks/internal/tofuscan/engine/engine.go:306.3,306.28 1 1
pre-commit-hooks/internal/tofuscan/engine/engine.go:308.2,308.19 1 1
pre-commit-hooks/internal/tofuscan/engine/engine.go:311.69,315.29 3 1
pre-commit-hooks/internal/tofuscan/engine/engine.go:315.29,317.17 2 1
pre-commit-hooks/internal/tofuscan/engine/engine.go:317.17,318.12 1 0
pre-commit-hooks/internal/tofuscan/engine/engine.go:321.3,322.24 2 1
pre-commit-hooks/internal/tofuscan/engine/engine.go:322.24,323.12 1 0
pre-commit-hooks/internal/tofuscan/engine/engine.go:326.3,327.10 2 1
pre-commit-hooks/internal/tofuscan/engine/engine.go:327.10,328.12 1 0
pre-commit-hooks/internal/tofuscan/engine/engine.go:331.3,331.58 1 1
pre-commit-hooks/internal/tofuscan/engine/engine.go:331.58,333.4 1 1
pre-commit-hooks/internal/tofuscan/engine/engine.go:335.3,335.37 1 1
pre-commit-hooks/internal/tofuscan/engine/engine.go:335.37,336.30 1 1
pre-commit-hooks/internal/tofuscan/engine/engine.go:336.30,337.13 1 1
pre-commit-hooks/internal/tofuscan/engine/engine.go:339.4,339.50 1 1
pre-commit-hooks/internal/tofuscan/engine/engine.go:339.50,341.5 1 1
pre-commit-hooks/internal/tofuscan/engine/engine.go:345.2,348.16 3 1
pre-commit-hooks/internal/tofuscan/engine/engine.go:348.16,350.3 1 0
pre-commit-hooks/internal/tofuscan/engine/engine.go:351.2,352.16 2 1
pre-commit-hooks/internal/tofuscan/engine/engine.go:352.16,354.3 1 0
pre-commit-hooks/internal/tofuscan/engine/engine.go:356.2,359.8 1 1
pre-commit-hooks/internal/tofuscan/engine/engine.go:362.73,364.36 2 1
pre-commit-hooks/internal/tofuscan/engine/engine.go:364.36,365.57 1 1
pre-commit-hooks/internal/tofuscan/engine/engine.go:365.57,366.12 1 1
pre-commit-hooks/internal/tofuscan/engine/engine.go:369.3,370.10 2 1
pre-commit-hooks/internal/tofuscan/engine/engine.go:370.10,371.12 1 0
pre-commit-hooks/internal/tofuscan/engine/engine.go:374.3,375.24 2 1
pre-commit-hooks/internal/tofuscan/engine/engine.go:375.24,376.12 1 0
pre-commit-hooks/internal/tofuscan/engine/engine.go:379.3,379.36 1 1
pre-commit-hooks/internal/tofuscan/engine/engine.go:382.2,382.17 1 1
pre-commit-hooks/internal/tofuscan/engine/engine.go:385.114,388.23 2 1
pre-commit-hooks/internal/tofuscan/engine/engine.go:388.23,397.35 3 1
pre-commit-hooks/internal/tofuscan/engine/engine.go:397.35,399.25 2 1
pre-commit-hooks/internal/tofuscan/engine/engine.go:399.25,400.13 1 0
pre-commit-hooks/internal/tofuscan/engine/engine.go:403.4,405.22 3 1
pre-commit-hooks/internal/tofuscan/engine/engine.go:408.3,408.19 1 1
pre-commit-hooks/internal/tofuscan/engine/engine.go:408.19,409.9 1 0
pre-commit-hooks/internal/tofuscan/engine/engine.go:413.2,413.15 1 1
pre-commit-hooks/internal/tofuscan/engine/engine.go:416.55,417.22 1 1
pre-commit-hooks/internal/tofuscan/engine/engine.go:417.22,419.3 1 1
pre-commit-hooks/internal/tofuscan/engine/engine.go:421.2,421.30 1 1
pre-commit-hooks/internal/tofuscan/engine/engine.go:424.78,426.34 2 1
pre-commit-hooks/internal/tofuscan/engine/engine.go:426.34,428.17 2 1
pre-commit-hooks/internal/tofuscan/engine/engine.go:428.17,430.4 1 0
pre-commit-hooks/internal/tofuscan/engine/engine.go:431.3,431.28 1 1
pre-commit-hooks/internal/tofuscan/engine/engine.go:433.2,433.23 1 1
pre-commit-hooks/internal/tofuscan/engine/engine.go:436.52,438.16 2 1
pre-commit-hooks/internal/tofuscan/engine/engine.go:438.16,440.3 1 0
pre-commit-hooks/internal/tofuscan/engine/engine.go:442.2,443.54 2 1
pre-commit-hooks/internal/tofuscan/engine/engine.go:443.54,445.3 1 0
pre-commit-hooks/internal/tofuscan/engine/engine.go:447.2,447.17 1 1
pre-commit-hooks/internal/tofuscan/engine/engine.go:450.77,451.31 1 1
pre-commit-hooks/internal/tofuscan/engine/engine.go:452.21,454.30 2 1
pre-commit-hooks/internal/tofuscan/engine/engine.go:454.30,456.4 1 1
pre-commit-hooks/internal/tofuscan/engine/engine.go:457.3,457.18 1 1
pre-commit-hooks/internal/tofuscan/engine/engine.go:458.30,460.32 2 1
pre-commit-hooks/internal/tofuscan/engine/engine.go:460.32,462.4 1 1
pre-commit-hooks/internal/tofuscan/engine/engine.go:463.3,463.18 1 1
pre-commit-hooks/internal/tofuscan/engine/engine.go:464.14,465.65 1 1
pre-commit-hooks/internal/tofuscan/engine/engine.go:465.65,467.4 1 1
pre-commit-hooks/internal/tofuscan/engine/engine.go:468.3,468.15 1 1
pre-commit-hooks/internal/tofuscan/engine/engine.go:469.10,470.15 1 1
pre-commit-hooks/internal/tofuscan/engine/engine.go:474.85,475.71 1 1
pre-commit-hooks/internal/tofuscan/engine/engine.go:475.71,477.3 1 1
pre-commit-hooks/internal/tofuscan/engine/engine.go:479.2,480.9 2 1
pre-commit-hooks/internal/tofuscan/engine/engine.go:481.39,482.98 1 1
pre-commit-hooks/internal/tofuscan/engine/engine.go:483.41,484.97 1 1
pre-commit-hooks/internal/tofuscan/engine/engine.go:485.10,486.20 1 0
pre-commit-hooks/internal/tofuscan/engine/engine.go:490.86,491.20 1 1
pre-commit-hooks/internal/tofuscan/engine/engine.go:491.20,493.3 1 0
pre-commit-hooks/internal/tofuscan/engine/engine.go:495.2,496.9 2 1
pre-commit-hooks/internal/tofuscan/engine/engine.go:496.9,498.3 1 1
pre-commit-hooks/internal/tofuscan/engine/engine.go:500.2,500.35 1 1
pre-commit-hooks/internal/tofuscan/engine/engine.go:500.35,501.34 1 0
pre-commit-hooks/internal/tofuscan/engine/engine.go:502.31,505.11 3 0
pre-commit-hooks/internal/tofuscan/engine/engine.go:505.11,507.5 1 0
pre-commit-hooks/internal/tofuscan/engine/engine.go:508.22,510.54 2 0
pre-commit-hooks/internal/tofuscan/engine/engine.go:510.54,512.5 1 0
pre-commit-hooks/internal/tofuscan/engine/engine.go:513.4,513.26 1 0
pre-commit-hooks/internal/tofuscan/engine/engine.go:514.11,515.21 1 0
pre-commit-hooks/internal/tofuscan/engine/engine.go:519.2,519.22 1 1
pre-commit-hooks/internal/tofuscan/engine/skip.go:25.58,30.29 3 0
pre-commit-hooks/internal/tofuscan/engine/skip.go:30.29,31.31 1 0
pre-commit-hooks/internal/tofuscan/engine/skip.go:31.31,32.12 1 0
pre-commit-hooks/internal/tofuscan/engine/skip.go:34.3,36.22 3 0
pre-commit-hooks/internal/tofuscan/engine/skip.go:36.22,38.4 1 0
pre-commit-hooks/internal/tofuscan/engine/skip.go:40.2,40.11 1 0
pre-commit-hooks/internal/tofuscan/engine/skip.go:44.86,45.31 1 1
pre-commit-hooks/internal/tofuscan/engine/skip.go:45.31,46.23 1 1
pre-commit-hooks/internal/tofuscan/engine/skip.go:46.23,48.4 1 1
pre-commit-hooks/internal/tofuscan/engine/skip.go:48.9,50.4 1 1
pre-commit-hooks/internal/tofuscan/engine/skip.go:52.2,52.22 1 1
pre-commit-hooks/internal/tofuscan/engine/skip.go:55.56,56.50 1 1
pre-commit-hooks/internal/tofuscan/engine/skip.go:56.50,57.44 1 1
pre-commit-hooks/internal/tofuscan/engine/skip.go:57.44,58.40 1 1
pre-commit-hooks/internal/tofuscan/engine/skip.go:58.40,60.5 1 1
pre-commit-hooks/internal/tofuscan/engine/skip.go:63.2,63.14 1 1
pre-commit-hooks/internal/tofuscan/engine/skip.go:69.63,73.16 3 1
pre-commit-hooks/internal/tofuscan/engine/skip.go:73.16,75.3 1 1
pre-commit-hooks/internal/tofuscan/engine/skip.go:76.2,84.21 4 1
pre-commit-hooks/internal/tofuscan/engine/skip.go:84.21,88.28 2 1
pre-commit-hooks/internal/tofuscan/engine/skip.go:88.28,89.67 1 1
pre-commit-hooks/internal/tofuscan/engine/skip.go:89.67,90.46 1 1
pre-commit-hooks/internal/tofuscan/engine/skip.go:90.46,92.6 1 1
pre-commit-hooks/internal/tofuscan/engine/skip.go:93.5,94.13 2 1
pre-commit-hooks/internal/tofuscan/engine/skip.go:99.3,99.65 1 1
pre-commit-hooks/internal/tofuscan/engine/skip.go:99.65,101.23 2 1
pre-commit-hooks/internal/tofuscan/engine/skip.go:101.23,105.13 4 1
pre-commit-hooks/internal/tofuscan/engine/skip.go:110.3,110.28 1 1
pre-commit-hooks/internal/tofuscan/engine/skip.go:110.28,112.23 2 1
pre-commit-hooks/internal/tofuscan/engine/skip.go:112.23,115.5 2 1
pre-commit-hooks/internal/tofuscan/engine/skip.go:119.2,119.22 1 1
pre-commit-hooks/internal/tofuscan/engine/skip.go:124.35,127.33 3 1
pre-commit-hooks/internal/tofuscan/engine/skip.go:127.33,129.15 2 1
pre-commit-hooks/internal/tofuscan/engine/skip.go:129.15,130.18 1 1
pre-commit-hooks/internal/tofuscan/engine/skip.go:130.18,132.5 1 1
pre-commit-hooks/internal/tofuscan/engine/skip.go:132.10,132.24 1 1
pre-commit-hooks/internal/tofuscan/engine/skip.go:132.24,134.5 1 1
pre-commit-hooks/internal/tofuscan/engine/skip.go:135.4,135.12 1 1
pre-commit-hooks/internal/tofuscan/engine/skip.go:137.3,137.13 1 1
pre-commit-hooks/internal/tofuscan/engine/skip.go:138.12,139.19 1 1
pre-commit-hooks/internal/tofuscan/engine/skip.go:140.12,141.12 1 1
pre-commit-hooks/internal/tofuscan/engine/skip.go:142.12,143.43 1 1
pre-commit-hooks/internal/tofuscan/engine/skip.go:143.43,145.5 1 1
pre-commit-hooks/internal/tofuscan/engine/skip.go:146.12,147.7 1 1
pre-commit-hooks/internal/tofuscan/engine/skip.go:148.12,149.7 1 1
pre-commit-hooks/internal/tofuscan/engine/skip.go:152.2,152.10 1 1
pre-commit-hooks/internal/tofuscan/engine/skip.go:159.61,161.38 2 1
pre-commit-hooks/internal/tofuscan/engine/skip.go:161.38,163.3 1 1
pre-commit-hooks/internal/tofuscan/engine/skip.go:164.2,167.81 3 1
pre-commit-hooks/internal/tofuscan/engine/skip.go:167.81,169.3 1 1
pre-commit-hooks/internal/tofuscan/engine/skip.go:170.2,173.97 2 1
pre-commit-hooks/internal/tofuscan/engine/skip.go:173.97,175.3 1 1
pre-commit-hooks/internal/tofuscan/engine/skip.go:176.2,180.39 3 1
pre-commit-hooks/internal/tofuscan/engine/skip.go:180.39,182.3 1 0
pre-commit-hooks/internal/tofuscan/engine/skip.go:183.2,186.20 2 1
pre-commit-hooks/internal/tofuscan/engine/skip.go:186.20,188.41 2 1
pre-commit-hooks/internal/tofuscan/engine/skip.go:188.41,190.4 1 1
pre-commit-hooks/internal/tofuscan/engine/skip.go:190.9,190.47 1 1
pre-commit-hooks/internal/tofuscan/engine/skip.go:190.47,192.4 1 1
pre-commit-hooks/internal/tofuscan/engine/skip.go:195.2,195.24 1 1
pre-commit-hooks/internal/tofuvalidate/tofuvalidate.go:14.70,20.2 5 1
pre-commit-hooks/cmd/tofuvalidate/main.go:15.13,18.34 2 0
pre-commit-hooks/cmd/tofuvalidate/main.go:18.34,19.34 1 0
pre-commit-hooks/cmd/tofuvalidate/main.go:19.34,21.4 1 0
pre-commit-hooks/cmd/tofuvalidate/main.go:23.2,31.16 2 0
pre-commit-hooks/cmd/tofuvalidate/main.go:31.16,33.3 1 0
pre-commit-hooks/cmd/tofuvalidate/main.go:44.9,45.23 1 1
pre-commit-hooks/cmd/tofuvalidate/main.go:45.23,48.3 2 1
pre-commit-hooks/cmd/tofuvalidate/main.go:50.2,51.16 2 1
pre-commit-hooks/cmd/tofuvalidate/main.go:51.16,54.3 2 1
pre-commit-hooks/cmd/tofuvalidate/main.go:56.2,57.26 2 1
pre-commit-hooks/cmd/tofuvalidate/main.go:57.26,60.3 2 1
pre-commit-hooks/cmd/tofuvalidate/main.go:62.2,65.33 4 1
pre-commit-hooks/cmd/tofuvalidate/main.go:65.33,67.17 2 1
pre-commit-hooks/cmd/tofuvalidate/main.go:67.17,69.4 1 0
pre-commit-hooks/cmd/tofuvalidate/main.go:70.3,71.21 2 1
pre-commit-hooks/cmd/tofuvalidate/main.go:71.21,73.4 1 0
pre-commit-hooks/cmd/tofuvalidate/main.go:73.9,73.46 1 1
pre-commit-hooks/cmd/tofuvalidate/main.go:73.46,76.4 1 1
pre-commit-hooks/cmd/tofuvalidate/main.go:76.9,78.4 1 1
pre-commit-hooks/cmd/tofuvalidate/main.go:79.3,82.17 4 1
pre-commit-hooks/cmd/tofuvalidate/main.go:82.17,84.12 2 1
pre-commit-hooks/cmd/tofuvalidate/main.go:87.3,89.22 2 1
pre-commit-hooks/cmd/tofuvalidate/main.go:89.22,91.4 1 0
pre-commit-hooks/cmd/tofuvalidate/main.go:92.3,92.17 1 1
pre-commit-hooks/cmd/tofuvalidate/main.go:92.17,94.12 2 1
pre-commit-hooks/cmd/tofuvalidate/main.go:98.2,98.30 1 1
pre-commit-hooks/cmd/tofuvalidate/main.go:98.30,100.3 1 0
pre-commit-hooks/cmd/tofuvalidate/main.go:102.2,102.28 1 1
pre-commit-hooks/cmd/tofuvalidate/main.go:102.28,105.3 2 1
pre-commit-hooks/cmd/tofuvalidate/main.go:107.2,107.12 1 1
pre-commit-hooks/cmd/tofuvalidate/main.go:111.61,116.2 4 1
pre-commit-hooks/cmd/tofuvalidate/main.go:119.48,121.16 2 1
pre-commit-hooks/cmd/tofuvalidate/main.go:121.16,123.3 1 0
pre-commit-hooks/cmd/tofuvalidate/main.go:124.2,124.13 1 1
pre-commit-hooks/cmd/tofuvalidate/main.go:127.45,129.16 2 1
pre-commit-hooks/cmd/tofuvalidate/main.go:129.16,131.3 1 1
pre-commit-hooks/cmd/tofuvalidate/main.go:132.2,135.32 4 1
pre-commit-hooks/cmd/tofuvalidate/main.go:135.32,137.20 2 1
pre-commit-hooks/cmd/tofuvalidate/main.go:137.20,138.36 1 1
pre-commit-hooks/cmd/tofuvalidate/main.go:138.36,139.13 1 1
pre-commit-hooks/cmd/tofuvalidate/main.go:141.4,143.18 3 1
pre-commit-hooks/cmd/tofuvalidate/main.go:143.18,145.5 1 0
pre-commit-hooks/cmd/tofuvalidate/main.go:146.4,146.35 1 1
pre-commit-hooks/cmd/tofuvalidate/main.go:147.9,147.80 1 1
pre-commit-hooks/cmd/tofuvalidate/main.go:147.80,149.4 1 1
pre-commit-hooks/cmd/tofuvalidate/main.go:151.2,151.17 1 1
pre-commit-hooks/cmd/tofuvalidate/main.go:151.17,153.3 1 1
pre-commit-hooks/cmd/tofuvalidate/main.go:154.2,154.35 1 1
pre-commit-hooks/cmd/tofuvalidate/main.go:159.37,161.29 2 1
pre-commit-hooks/cmd/tofuvalidate/main.go:161.29,166.76 3 1
pre-commit-hooks/cmd/tofuvalidate/main.go:166.76,168.4 1 1
pre-commit-hooks/cmd/tofuvalidate/main.go:170.2,170.14 1 1
